
SPY: 12129 bars over 2.9 years, sigma_open 26 bps/sqrt(h), sigma_closed 9 bps/sqrt(h), 163 weekends/holidays
  informed traders only (losses to adverse selection)
  venue              LP vs hodl %   per year % closed-hours %  worst weekend %
  cpmm_30bps         -4.71 ±0.00         -1.62              1             0.00
  cpmm_100bps        -4.54 ±0.00         -1.56              1             0.00
  oracle_naive       -1.73 ±0.00         -0.59            100             0.29
  bellcurve           0.59 ±0.00          0.20            100             0.00

QQQ: 12103 bars over 2.9 years, sigma_open 44 bps/sqrt(h), sigma_closed 14 bps/sqrt(h), 163 weekends/holidays
  informed traders only (losses to adverse selection)
  venue              LP vs hodl %   per year % closed-hours %  worst weekend %
  cpmm_30bps         -5.88 ±0.00         -2.02              1             0.00
  cpmm_100bps        -6.08 ±0.00         -2.09              0             0.00
  oracle_naive      -10.32 ±0.00         -3.54            100             0.65
  bellcurve          -0.17 ±0.00         -0.06            100             0.00

NVDA: 12103 bars over 2.9 years, sigma_open 106 bps/sqrt(h), sigma_closed 27 bps/sqrt(h), 163 weekends/holidays
  informed traders only (losses to adverse selection)
  venue              LP vs hodl %   per year % closed-hours %  worst weekend %
  cpmm_30bps        -53.65 ±0.00        -18.41              1             0.00
  cpmm_100bps       -60.95 ±0.00        -20.91              0             0.00
  oracle_naive     -149.13 ±0.00        -51.16            100             1.65
  bellcurve         -39.66 ±0.00        -13.61             66             0.00

TSLA: 12102 bars over 2.9 years, sigma_open 103 bps/sqrt(h), sigma_closed 28 bps/sqrt(h), 163 weekends/holidays
  informed traders only (losses to adverse selection)
  venue              LP vs hodl %   per year % closed-hours %  worst weekend %
  cpmm_30bps         13.07 ±0.00          4.48              2             0.00
  cpmm_100bps        10.47 ±0.00          3.59              1             0.00
  oracle_naive      -81.01 ±0.00        -27.79            100             0.92
  bellcurve           0.78 ±0.00          0.27             70             0.00

AAPL: 12102 bars over 2.9 years, sigma_open 46 bps/sqrt(h), sigma_closed 14 bps/sqrt(h), 163 weekends/holidays
  informed traders only (losses to adverse selection)
  venue              LP vs hodl %   per year % closed-hours %  worst weekend %
  cpmm_30bps         -3.79 ±0.00         -1.30              2             0.00
  cpmm_100bps        -3.96 ±0.00         -1.36              1             0.00
  oracle_naive        3.00 ±0.00          1.03            100             0.50
  bellcurve          -0.22 ±0.00         -0.07            100             0.00

MSTR: 12098 bars over 2.9 years, sigma_open 131 bps/sqrt(h), sigma_closed 57 bps/sqrt(h), 163 weekends/holidays
  informed traders only (losses to adverse selection)
  venue              LP vs hodl %   per year % closed-hours %  worst weekend %
  cpmm_30bps         -5.04 ±0.00         -1.73             11             0.02
  cpmm_100bps        -2.39 ±0.00         -0.82             10             0.01
  oracle_naive     -233.47 ±0.00        -80.10             99             1.59
  bellcurve          47.82 ±0.00         16.41             65             0.00

wrote results/latency_15s.json
