
SPY: 12129 bars over 2.9 years, sigma_open 26 bps/sqrt(h), sigma_closed 9 bps/sqrt(h), 163 weekends/holidays
  informed traders only (losses to adverse selection)
  venue              LP vs hodl %   per year % closed-hours %  worst weekend %
  cpmm_30bps         -4.71 ±0.00         -1.62              1             0.00
  cpmm_100bps        -4.54 ±0.00         -1.56              1             0.00
  oracle_naive       -0.71 ±0.00         -0.25            100             0.29
  bellcurve           0.59 ±0.00          0.20             99             0.00

QQQ: 12103 bars over 2.9 years, sigma_open 44 bps/sqrt(h), sigma_closed 14 bps/sqrt(h), 163 weekends/holidays
  informed traders only (losses to adverse selection)
  venue              LP vs hodl %   per year % closed-hours %  worst weekend %
  cpmm_30bps         -5.88 ±0.00         -2.02              1             0.00
  cpmm_100bps        -6.08 ±0.00         -2.09              0             0.00
  oracle_naive      -12.65 ±0.00         -4.34            100             0.58
  bellcurve          -1.84 ±0.00         -0.63             59             0.00

NVDA: 12103 bars over 2.9 years, sigma_open 106 bps/sqrt(h), sigma_closed 27 bps/sqrt(h), 163 weekends/holidays
  informed traders only (losses to adverse selection)
  venue              LP vs hodl %   per year % closed-hours %  worst weekend %
  cpmm_30bps        -53.65 ±0.00        -18.41              1             0.00
  cpmm_100bps       -60.95 ±0.00        -20.91              0             0.00
  oracle_naive     -165.37 ±0.00        -56.74             92             1.48
  bellcurve         -61.67 ±0.00        -21.16              9             0.00

TSLA: 12102 bars over 2.9 years, sigma_open 103 bps/sqrt(h), sigma_closed 28 bps/sqrt(h), 163 weekends/holidays
  informed traders only (losses to adverse selection)
  venue              LP vs hodl %   per year % closed-hours %  worst weekend %
  cpmm_30bps         13.07 ±0.00          4.48              2             0.00
  cpmm_100bps        10.47 ±0.00          3.59              1             0.00
  oracle_naive      -86.62 ±0.00        -29.72             93             0.86
  bellcurve           3.28 ±0.00          1.13              9             0.00

AAPL: 12102 bars over 2.9 years, sigma_open 46 bps/sqrt(h), sigma_closed 14 bps/sqrt(h), 163 weekends/holidays
  informed traders only (losses to adverse selection)
  venue              LP vs hodl %   per year % closed-hours %  worst weekend %
  cpmm_30bps         -3.79 ±0.00         -1.30              2             0.00
  cpmm_100bps        -3.96 ±0.00         -1.36              1             0.00
  oracle_naive       -0.50 ±0.00         -0.17            100             0.49
  bellcurve          -2.15 ±0.00         -0.74             46             0.00

MSTR: 12098 bars over 2.9 years, sigma_open 131 bps/sqrt(h), sigma_closed 57 bps/sqrt(h), 163 weekends/holidays
  informed traders only (losses to adverse selection)
  venue              LP vs hodl %   per year % closed-hours %  worst weekend %
  cpmm_30bps         -5.04 ±0.00         -1.73             11             0.02
  cpmm_100bps        -2.39 ±0.00         -0.82             10             0.01
  oracle_naive     -241.43 ±0.00        -82.83             93             1.40
  bellcurve          27.39 ±0.00          9.40             12             0.00

wrote results/latency_60s.json
